(node:14592) [MODULE_TYPELESS_PACKAGE_JSON] Warning: Module type of file:///C:/Users/zconsumers/Desktop/EduVerse%20Final/backend/src/index.ts is not specified and it doesn't parse as CommonJS.
Reparsing as ES module because module syntax was detected. This incurs a performance overhead.
To eliminate this warning, add "type": "module" to \\?\C:\Users\zconsumers\Desktop\EduVerse Final\backend\package.json.
(Use `node --trace-warnings ...` to show where the warning was created)
node:internal/modules/esm/resolve:271
    throw new ERR_MODULE_NOT_FOUND(
          ^

Error [ERR_MODULE_NOT_FOUND]: Cannot find module 'C:\Users\zconsumers\Desktop\EduVerse Final\backend\src\middleware\rate-limit' imported from C:\Users\zconsumers\Desktop\EduVerse Final\backend\src\index.ts
    at finalizeResolution (node:internal/modules/esm/resolve:271:11)
    at moduleResolve (node:internal/modules/esm/resolve:865:10)
    at defaultResolve (node:internal/modules/esm/resolve:992:11)
    at #cachedDefaultResolve (node:internal/modules/esm/loader:691:20)
    at #resolveAndMaybeBlockOnLoaderThread (node:internal/modules/esm/loader:708:38)
    at ModuleLoader.resolveSync (node:internal/modules/esm/loader:740:52)
    at #resolve (node:internal/modules/esm/loader:673:17)
    at ModuleLoader.getOrCreateModuleJob (node:internal/modules/esm/loader:593:35)
    at ModuleJob.syncLink (node:internal/modules/esm/module_job:163:33)
    at ModuleJob.link (node:internal/modules/esm/module_job:253:17) {
  code: 'ERR_MODULE_NOT_FOUND',
  url: 'file:///C:/Users/zconsumers/Desktop/EduVerse%20Final/backend/src/middleware/rate-limit'
}

Node.js v24.16.0
